Analysis & Synthesis report for state_machine
Tue Oct 06 09:54:44 2015
Quartus II Version 9.0 Build 235 06/17/2009 Service Pack 2 SJ Web Edition


---------------------
; Table of Contents ;
---------------------
  1. Legal Notice
  2. Analysis & Synthesis Summary
  3. Analysis & Synthesis Settings
  4. Analysis & Synthesis Source Files Read
  5. Analysis & Synthesis Resource Usage Summary
  6. Analysis & Synthesis Resource Utilization by Entity
  7. State Machine - |state_machine|state
  8. Registers Removed During Synthesis
  9. General Register Statistics
 10. Parameter Settings for User Entity Instance: Top-level Entity: |state_machine
 11. Analysis & Synthesis Messages



----------------
; Legal Notice ;
----------------
Copyright (C) 1991-2009 Altera Corporation
Your use of Altera Corporation's design tools, logic functions 
and other software and tools, and its AMPP partner logic 
functions, and any output files from any of the foregoing 
(including device programming or simulation files), and any 
associated documentation or information are expressly subject 
to the terms and conditions of the Altera Program License 
Subscription Agreement, Altera MegaCore Function License 
Agreement, or other applicable license agreement, including, 
without limitation, that your use is for the sole purpose of 
programming logic devices manufactured by Altera and sold by 
Altera or its authorized distributors.  Please refer to the 
applicable agreement for further details.



+-----------------------------------------------------------------------------------+
; Analysis & Synthesis Summary                                                      ;
+------------------------------------+----------------------------------------------+
; Analysis & Synthesis Status        ; Successful - Tue Oct 06 09:54:44 2015        ;
; Quartus II Version                 ; 9.0 Build 235 06/17/2009 SP 2 SJ Web Edition ;
; Revision Name                      ; state_machine                                ;
; Top-level Entity Name              ; state_machine                                ;
; Family                             ; Cyclone II                                   ;
; Total logic elements               ; 26                                           ;
;     Total combinational functions  ; 26                                           ;
;     Dedicated logic registers      ; 16                                           ;
; Total registers                    ; 16                                           ;
; Total pins                         ; 7                                            ;
; Total virtual pins                 ; 0                                            ;
; Total memory bits                  ; 0                                            ;
; Embedded Multiplier 9-bit elements ; 0                                            ;
; Total PLLs                         ; 0                                            ;
+------------------------------------+----------------------------------------------+


+--------------------------------------------------------------------------------------------------------+
; Analysis & Synthesis Settings                                                                          ;
+--------------------------------------------------------------+--------------------+--------------------+
; Option                                                       ; Setting            ; Default Value      ;
+--------------------------------------------------------------+--------------------+--------------------+
; Device                                                       ; EP2C20F484C7       ;                    ;
; Top-level entity name                                        ; state_machine      ; state_machine      ;
; Family name                                                  ; Cyclone II         ; Stratix II         ;
; Use Generated Physical Constraints File                      ; Off                ;                    ;
; Use smart compilation                                        ; Off                ; Off                ;
; Restructure Multiplexers                                     ; Auto               ; Auto               ;
; Create Debugging Nodes for IP Cores                          ; Off                ; Off                ;
; Preserve fewer node names                                    ; On                 ; On                 ;
; Disable OpenCore Plus hardware evaluation                    ; Off                ; Off                ;
; Verilog Version                                              ; Verilog_2001       ; Verilog_2001       ;
; VHDL Version                                                 ; VHDL93             ; VHDL93             ;
; State Machine Processing                                     ; Auto               ; Auto               ;
; Safe State Machine                                           ; Off                ; Off                ;
; Extract Verilog State Machines                               ; On                 ; On                 ;
; Extract VHDL State Machines                                  ; On                 ; On                 ;
; Ignore Verilog initial constructs                            ; Off                ; Off                ;
; Iteration limit for constant Verilog loops                   ; 5000               ; 5000               ;
; Iteration limit for non-constant Verilog loops               ; 250                ; 250                ;
; Add Pass-Through Logic to Inferred RAMs                      ; On                 ; On                 ;
; Parallel Synthesis                                           ; Off                ; Off                ;
; DSP Block Balancing                                          ; Auto               ; Auto               ;
; NOT Gate Push-Back                                           ; On                 ; On                 ;
; Power-Up Don't Care                                          ; On                 ; On                 ;
; Remove Redundant Logic Cells                                 ; Off                ; Off                ;
; Remove Duplicate Registers                                   ; On                 ; On                 ;
; Ignore CARRY Buffers                                         ; Off                ; Off                ;
; Ignore CASCADE Buffers                                       ; Off                ; Off                ;
; Ignore GLOBAL Buffers                                        ; Off                ; Off                ;
; Ignore ROW GLOBAL Buffers                                    ; Off                ; Off                ;
; Ignore LCELL Buffers                                         ; Off                ; Off                ;
; Ignore SOFT Buffers                                          ; On                 ; On                 ;
; Limit AHDL Integers to 32 Bits                               ; Off                ; Off                ;
; Optimization Technique                                       ; Balanced           ; Balanced           ;
; Carry Chain Length                                           ; 70                 ; 70                 ;
; Auto Carry Chains                                            ; On                 ; On                 ;
; Auto Open-Drain Pins                                         ; On                 ; On                 ;
; Perform WYSIWYG Primitive Resynthesis                        ; Off                ; Off                ;
; Auto ROM Replacement                                         ; On                 ; On                 ;
; Auto RAM Replacement                                         ; On                 ; On                 ;
; Auto Shift Register Replacement                              ; Auto               ; Auto               ;
; Auto Clock Enable Replacement                                ; On                 ; On                 ;
; Strict RAM Replacement                                       ; Off                ; Off                ;
; Allow Synchronous Control Signals                            ; On                 ; On                 ;
; Force Use of Synchronous Clear Signals                       ; Off                ; Off                ;
; Auto RAM to Logic Cell Conversion                            ; Off                ; Off                ;
; Auto Resource Sharing                                        ; Off                ; Off                ;
; Allow Any RAM Size For Recognition                           ; Off                ; Off                ;
; Allow Any ROM Size For Recognition                           ; Off                ; Off                ;
; Allow Any Shift Register Size For Recognition                ; Off                ; Off                ;
; Use LogicLock Constraints during Resource Balancing          ; On                 ; On                 ;
; Ignore translate_off and synthesis_off directives            ; Off                ; Off                ;
; Timing-Driven Synthesis                                      ; Off                ; Off                ;
; Show Parameter Settings Tables in Synthesis Report           ; On                 ; On                 ;
; Ignore Maximum Fan-Out Assignments                           ; Off                ; Off                ;
; Synchronization Register Chain Length                        ; 2                  ; 2                  ;
; PowerPlay Power Optimization                                 ; Normal compilation ; Normal compilation ;
; HDL message level                                            ; Level2             ; Level2             ;
; Suppress Register Optimization Related Messages              ; Off                ; Off                ;
; Number of Removed Registers Reported in Synthesis Report     ; 100                ; 100                ;
; Number of Inverted Registers Reported in Synthesis Report    ; 100                ; 100                ;
; Clock MUX Protection                                         ; On                 ; On                 ;
; Auto Gated Clock Conversion                                  ; Off                ; Off                ;
; Block Design Naming                                          ; Auto               ; Auto               ;
; SDC constraint protection                                    ; Off                ; Off                ;
; Synthesis Effort                                             ; Auto               ; Auto               ;
; Shift Register Replacement - Allow Asynchronous Clear Signal ; On                 ; On                 ;
; Analysis & Synthesis Message Level                           ; Medium             ; Medium             ;
+--------------------------------------------------------------+--------------------+--------------------+


+---------------------------------------------------------------------------------------------------------------------------------------------------------------------------------------------------+
; Analysis & Synthesis Source Files Read                                                                                                                                                            ;
+----------------------------------+-----------------+------------------------+---------------------------------------------------------------------------------------------------------------------+
; File Name with User-Entered Path ; Used in Netlist ; File Type              ; File Name with Absolute Path                                                                                        ;
+----------------------------------+-----------------+------------------------+---------------------------------------------------------------------------------------------------------------------+
; state_machine.v                  ; yes             ; User Verilog HDL File  ; F:/User Gustavo/Documentos/Proyectos Aistente de Diseño Electronico/Quartus_2/Verilog/state_machine/state_machine.v ;
+----------------------------------+-----------------+------------------------+---------------------------------------------------------------------------------------------------------------------+


+-----------------------------------------------------+
; Analysis & Synthesis Resource Usage Summary         ;
+---------------------------------------------+-------+
; Resource                                    ; Usage ;
+---------------------------------------------+-------+
; Estimated Total logic elements              ; 26    ;
;                                             ;       ;
; Total combinational functions               ; 26    ;
; Logic element usage by number of LUT inputs ;       ;
;     -- 4 input functions                    ; 6     ;
;     -- 3 input functions                    ; 16    ;
;     -- <=2 input functions                  ; 4     ;
;                                             ;       ;
; Logic elements by mode                      ;       ;
;     -- normal mode                          ; 26    ;
;     -- arithmetic mode                      ; 0     ;
;                                             ;       ;
; Total registers                             ; 16    ;
;     -- Dedicated logic registers            ; 16    ;
;     -- I/O registers                        ; 0     ;
;                                             ;       ;
; I/O pins                                    ; 7     ;
; Maximum fan-out node                        ; dir   ;
; Maximum fan-out                             ; 16    ;
; Total fan-out                               ; 132   ;
; Average fan-out                             ; 2.69  ;
+---------------------------------------------+-------+


+-----------------------------------------------------------------------------------------------------------------------------------------------------------------------------+
; Analysis & Synthesis Resource Utilization by Entity                                                                                                                         ;
+----------------------------+-------------------+--------------+-------------+--------------+---------+-----------+------+--------------+---------------------+--------------+
; Compilation Hierarchy Node ; LC Combinationals ; LC Registers ; Memory Bits ; DSP Elements ; DSP 9x9 ; DSP 18x18 ; Pins ; Virtual Pins ; Full Hierarchy Name ; Library Name ;
+----------------------------+-------------------+--------------+-------------+--------------+---------+-----------+------+--------------+---------------------+--------------+
; |state_machine             ; 26 (26)           ; 16 (16)      ; 0           ; 0            ; 0       ; 0         ; 7    ; 0            ; |state_machine      ; work         ;
+----------------------------+-------------------+--------------+-------------+--------------+---------+-----------+------+--------------+---------------------+--------------+
Note: For table entries with two numbers listed, the numbers in parentheses indicate the number of resources of the given type used by the specific entity alone. The numbers listed outside of parentheses indicate the total resources of the given type used by the specific entity and all of its sub-entities in the hierarchy.


Encoding Type:  One-Hot
+-----------------------------------------------------------------------------------------------------------------------------------------------------------------------------------------------------------------------------------------------+
; State Machine - |state_machine|state                                                                                                                                                                                                          ;
+----------------+----------------+----------------+----------------+--------------+--------------+-----------+------------+-------------+-------------+-----------+------------+------------+-------------+-----------+-----------+------------+
; Name           ; state.fiveteen ; state.fourteen ; state.thirteen ; state.twelve ; state.eleven ; state.ten ; state.nine ; state.eight ; state.seven ; state.six ; state.five ; state.four ; state.three ; state.two ; state.one ; state.zero ;
+----------------+----------------+----------------+----------------+--------------+--------------+-----------+------------+-------------+-------------+-----------+------------+------------+-------------+-----------+-----------+------------+
; state.zero     ; 0              ; 0              ; 0              ; 0            ; 0            ; 0         ; 0          ; 0           ; 0           ; 0         ; 0          ; 0          ; 0           ; 0         ; 0         ; 0          ;
; state.one      ; 0              ; 0              ; 0              ; 0            ; 0            ; 0         ; 0          ; 0           ; 0           ; 0         ; 0          ; 0          ; 0           ; 0         ; 1         ; 1          ;
; state.two      ; 0              ; 0              ; 0              ; 0            ; 0            ; 0         ; 0          ; 0           ; 0           ; 0         ; 0          ; 0          ; 0           ; 1         ; 0         ; 1          ;
; state.three    ; 0              ; 0              ; 0              ; 0            ; 0            ; 0         ; 0          ; 0           ; 0           ; 0         ; 0          ; 0          ; 1           ; 0         ; 0         ; 1          ;
; state.four     ; 0              ; 0              ; 0              ; 0            ; 0            ; 0         ; 0          ; 0           ; 0           ; 0         ; 0          ; 1          ; 0           ; 0         ; 0         ; 1          ;
; state.five     ; 0              ; 0              ; 0              ; 0            ; 0            ; 0         ; 0          ; 0           ; 0           ; 0         ; 1          ; 0          ; 0           ; 0         ; 0         ; 1          ;
; state.six      ; 0              ; 0              ; 0              ; 0            ; 0            ; 0         ; 0          ; 0           ; 0           ; 1         ; 0          ; 0          ; 0           ; 0         ; 0         ; 1          ;
; state.seven    ; 0              ; 0              ; 0              ; 0            ; 0            ; 0         ; 0          ; 0           ; 1           ; 0         ; 0          ; 0          ; 0           ; 0         ; 0         ; 1          ;
; state.eight    ; 0              ; 0              ; 0              ; 0            ; 0            ; 0         ; 0          ; 1           ; 0           ; 0         ; 0          ; 0          ; 0           ; 0         ; 0         ; 1          ;
; state.nine     ; 0              ; 0              ; 0              ; 0            ; 0            ; 0         ; 1          ; 0           ; 0           ; 0         ; 0          ; 0          ; 0           ; 0         ; 0         ; 1          ;
; state.ten      ; 0              ; 0              ; 0              ; 0            ; 0            ; 1         ; 0          ; 0           ; 0           ; 0         ; 0          ; 0          ; 0           ; 0         ; 0         ; 1          ;
; state.eleven   ; 0              ; 0              ; 0              ; 0            ; 1            ; 0         ; 0          ; 0           ; 0           ; 0         ; 0          ; 0          ; 0           ; 0         ; 0         ; 1          ;
; state.twelve   ; 0              ; 0              ; 0              ; 1            ; 0            ; 0         ; 0          ; 0           ; 0           ; 0         ; 0          ; 0          ; 0           ; 0         ; 0         ; 1          ;
; state.thirteen ; 0              ; 0              ; 1              ; 0            ; 0            ; 0         ; 0          ; 0           ; 0           ; 0         ; 0          ; 0          ; 0           ; 0         ; 0         ; 1          ;
; state.fourteen ; 0              ; 1              ; 0              ; 0            ; 0            ; 0         ; 0          ; 0           ; 0           ; 0         ; 0          ; 0          ; 0           ; 0         ; 0         ; 1          ;
; state.fiveteen ; 1              ; 0              ; 0              ; 0            ; 0            ; 0         ; 0          ; 0           ; 0           ; 0         ; 0          ; 0          ; 0           ; 0         ; 0         ; 1          ;
+----------------+----------------+----------------+----------------+--------------+--------------+-----------+------------+-------------+-------------+-----------+------------+------------+-------------+-----------+-----------+------------+


+-------------------------------------------------------------+
; Registers Removed During Synthesis                          ;
+----------------------------------------+--------------------+
; Register name                          ; Reason for Removal ;
+----------------------------------------+--------------------+
; state~10                               ; Lost fanout        ;
; state~11                               ; Lost fanout        ;
; state~12                               ; Lost fanout        ;
; state~13                               ; Lost fanout        ;
; state~14                               ; Lost fanout        ;
; state~15                               ; Lost fanout        ;
; state~16                               ; Lost fanout        ;
; state~17                               ; Lost fanout        ;
; state~18                               ; Lost fanout        ;
; state~19                               ; Lost fanout        ;
; state~20                               ; Lost fanout        ;
; state~21                               ; Lost fanout        ;
; state~22                               ; Lost fanout        ;
; state~23                               ; Lost fanout        ;
; state~24                               ; Lost fanout        ;
; state~25                               ; Lost fanout        ;
; Total Number of Removed Registers = 16 ;                    ;
+----------------------------------------+--------------------+


+------------------------------------------------------+
; General Register Statistics                          ;
+----------------------------------------------+-------+
; Statistic                                    ; Value ;
+----------------------------------------------+-------+
; Total registers                              ; 16    ;
; Number of registers using Synchronous Clear  ; 0     ;
; Number of registers using Synchronous Load   ; 0     ;
; Number of registers using Asynchronous Clear ; 16    ;
; Number of registers using Asynchronous Load  ; 0     ;
; Number of registers using Clock Enable       ; 0     ;
; Number of registers using Preset             ; 0     ;
+----------------------------------------------+-------+


+-------------------------------------------------------------------------------+
; Parameter Settings for User Entity Instance: Top-level Entity: |state_machine ;
+----------------+-------+------------------------------------------------------+
; Parameter Name ; Value ; Type                                                 ;
+----------------+-------+------------------------------------------------------+
; zero           ; 0     ; Signed Integer                                       ;
; one            ; 1     ; Signed Integer                                       ;
; two            ; 2     ; Signed Integer                                       ;
; three          ; 3     ; Signed Integer                                       ;
; four           ; 4     ; Signed Integer                                       ;
; five           ; 5     ; Signed Integer                                       ;
; six            ; 6     ; Signed Integer                                       ;
; seven          ; 7     ; Signed Integer                                       ;
; eight          ; 8     ; Signed Integer                                       ;
; nine           ; 9     ; Signed Integer                                       ;
; ten            ; 10    ; Signed Integer                                       ;
; eleven         ; 11    ; Signed Integer                                       ;
; twelve         ; 12    ; Signed Integer                                       ;
; thirteen       ; 13    ; Signed Integer                                       ;
; fourteen       ; 14    ; Signed Integer                                       ;
; fiveteen       ; 15    ; Signed Integer                                       ;
+----------------+-------+------------------------------------------------------+
Note: In order to hide this table in the UI and the text report file, please set the "Show Parameter Settings Tables in Synthesis Report" option in "Analysis and Synthesis Settings -> More Settings" to "Off".


+-------------------------------+
; Analysis & Synthesis Messages ;
+-------------------------------+
Info: *******************************************************************
Info: Running Quartus II Analysis & Synthesis
    Info: Version 9.0 Build 235 06/17/2009 Service Pack 2 SJ Web Edition
    Info: Processing started: Tue Oct 06 09:54:40 2015
Info: Command: quartus_map --read_settings_files=on --write_settings_files=off state_machine -c state_machine
Info: Found 1 design units, including 1 entities, in source file state_machine.v
    Info: Found entity 1: state_machine
Info: Elaborating entity "state_machine" for the top level hierarchy
Info: 16 registers lost all their fanouts during netlist optimizations. The first 16 are displayed below.
    Info: Register "state~10" lost all its fanouts during netlist optimizations.
    Info: Register "state~11" lost all its fanouts during netlist optimizations.
    Info: Register "state~12" lost all its fanouts during netlist optimizations.
    Info: Register "state~13" lost all its fanouts during netlist optimizations.
    Info: Register "state~14" lost all its fanouts during netlist optimizations.
    Info: Register "state~15" lost all its fanouts during netlist optimizations.
    Info: Register "state~16" lost all its fanouts during netlist optimizations.
    Info: Register "state~17" lost all its fanouts during netlist optimizations.
    Info: Register "state~18" lost all its fanouts during netlist optimizations.
    Info: Register "state~19" lost all its fanouts during netlist optimizations.
    Info: Register "state~20" lost all its fanouts during netlist optimizations.
    Info: Register "state~21" lost all its fanouts during netlist optimizations.
    Info: Register "state~22" lost all its fanouts during netlist optimizations.
    Info: Register "state~23" lost all its fanouts during netlist optimizations.
    Info: Register "state~24" lost all its fanouts during netlist optimizations.
    Info: Register "state~25" lost all its fanouts during netlist optimizations.
Info: Implemented 33 device resources after synthesis - the final resource count might be different
    Info: Implemented 3 input pins
    Info: Implemented 4 output pins
    Info: Implemented 26 logic cells
Info: Quartus II Analysis & Synthesis was successful. 0 errors, 0 warnings
    Info: Peak virtual memory: 244 megabytes
    Info: Processing ended: Tue Oct 06 09:54:44 2015
    Info: Elapsed time: 00:00:04
    Info: Total CPU time (on all processors): 00:00:01


